// Jest Snapshot v1, https://goo.gl/fbAQLP

exports[`FriendsReco renders well 1`] = `ShallowWrapper {}`;
