// Jest Snapshot v1, https://goo.gl/fbAQLP

exports[`Join renders well 1`] = `ShallowWrapper {}`;
