// Jest Snapshot v1, https://goo.gl/fbAQLP

exports[`JoinProfileImage renders well 1`] = `ShallowWrapper {}`;
