// Jest Snapshot v1, https://goo.gl/fbAQLP

exports[`JoinFollow renders well 1`] = `ShallowWrapper {}`;
