// Jest Snapshot v1, https://goo.gl/fbAQLP

exports[`Login renders well 1`] = `ShallowWrapper {}`;
