// Jest Snapshot v1, https://goo.gl/fbAQLP

exports[`OthersPage renders well 1`] = `ShallowWrapper {}`;
