// Jest Snapshot v1, https://goo.gl/fbAQLP

exports[`Post renders well 1`] = `ShallowWrapper {}`;
