// Jest Snapshot v1, https://goo.gl/fbAQLP

exports[`Search renders well 1`] = `ShallowWrapper {}`;
