// Jest Snapshot v1, https://goo.gl/fbAQLP

exports[`AddPost renders well 1`] = `ShallowWrapper {}`;
