// Jest Snapshot v1, https://goo.gl/fbAQLP

exports[`Snapshot test renders well 1`] = `ShallowWrapper {}`;
