// Jest Snapshot v1, https://goo.gl/fbAQLP

exports[`ChildCommentBox renders well 1`] = `ShallowWrapper {}`;
