// Jest Snapshot v1, https://goo.gl/fbAQLP

exports[`Comment renders well 1`] = `ShallowWrapper {}`;
