// Jest Snapshot v1, https://goo.gl/fbAQLP

exports[`FriendsState renders well 1`] = `ShallowWrapper {}`;
