// Jest Snapshot v1, https://goo.gl/fbAQLP

exports[`MyPageHeader renders well 1`] = `ShallowWrapper {}`;
