// Jest Snapshot v1, https://goo.gl/fbAQLP

exports[`OtherspageHeader renders well 1`] = `ShallowWrapper {}`;
