// Jest Snapshot v1, https://goo.gl/fbAQLP

exports[`HomeHeader renders well 1`] = `ShallowWrapper {}`;
