// Jest Snapshot v1, https://goo.gl/fbAQLP

exports[`PostEditBox renders well 1`] = `ShallowWrapper {}`;
