// Jest Snapshot v1, https://goo.gl/fbAQLP

exports[`SearchBox renders well 1`] = `ShallowWrapper {}`;
