// Jest Snapshot v1, https://goo.gl/fbAQLP

exports[`ShowPostHome renders well 1`] = `ShallowWrapper {}`;
