// Jest Snapshot v1, https://goo.gl/fbAQLP

exports[`ShowPostOthersPage renders well 1`] = `ShallowWrapper {}`;
