// Jest Snapshot v1, https://goo.gl/fbAQLP

exports[`Advertisement renders well 1`] = `ShallowWrapper {}`;
