// Jest Snapshot v1, https://goo.gl/fbAQLP

exports[`FriendsIndex renders well 1`] = `ShallowWrapper {}`;
