// Jest Snapshot v1, https://goo.gl/fbAQLP

exports[`Header renders well 1`] = `ShallowWrapper {}`;
