// Jest Snapshot v1, https://goo.gl/fbAQLP

exports[`MyPagePost renders well 1`] = `ShallowWrapper {}`;
