// Jest Snapshot v1, https://goo.gl/fbAQLP

exports[`MyPageSide renders well 1`] = `ShallowWrapper {}`;
