// Jest Snapshot v1, https://goo.gl/fbAQLP

exports[`MyPageTop renders well 1`] = `ShallowWrapper {}`;
