// Jest Snapshot v1, https://goo.gl/fbAQLP

exports[`OthersPageSide renders well 1`] = `ShallowWrapper {}`;
