// Jest Snapshot v1, https://goo.gl/fbAQLP

exports[`OthersPagePost renders well 1`] = `ShallowWrapper {}`;
