// Jest Snapshot v1, https://goo.gl/fbAQLP

exports[`SearchContents renders well 1`] = `ShallowWrapper {}`;
