// Jest Snapshot v1, https://goo.gl/fbAQLP

exports[`TimeLinePost renders well 1`] = `ShallowWrapper {}`;
